
> singularityneo@0.0.0 test
> vitest run


 RUN  v4.1.4 /Users/ashokraj/Downloads/backupSing/SingularityNeo

 ❯ server/__tests__/governancePosture.test.ts (7 tests | 1 failed) 38ms
     × happy path: every section populates with accurate ratios 28ms
     ✓ degraded path: a throwing query surfaces as a warning, section is zeroed 2ms
     ✓ ratio edge: zero total produces 0, not NaN 1ms
     ✓ empty DB: returns a valid snapshot with zeros everywhere 3ms
     ✓ generatedAt is a fresh ISO timestamp 2ms
     ✓ numeric coercion handles Postgres string bigints 1ms
     ✓ null decided_at + expires_at from DB serialize to null 0ms
 ✓ server/__tests__/tokenEstimate.test.ts (4 tests) 1361ms
     ✓ uses exact OpenAI BPE counts for GPT-family models reached via Copilot  1341ms
 ✓ server/__tests__/governanceSigner.test.ts (8 tests) 1580ms
       ✓ reports signatureValid + digestMatches + chainIntact for a clean 3-link chain  1539ms
stderr | src/components/orchestrator/__tests__/OrchestratorOperatePanel.test.tsx > OrchestratorOperatePanel > renders the operate canvas and routes primary actions through callbacks
An update to AgentGitSessionCard inside a test was not wrapped in act(...).

When testing, code that causes React state updates should be wrapped into act(...):

act(() => {
  /* fire events that update state */
});
/* assert on the output */

This ensures that you're testing the behavior the user would see in the browser. Learn more at https://react.dev/link/wrap-tests-with-act
An update to AgentGitSessionCard inside a test was not wrapped in act(...).

When testing, code that causes React state updates should be wrapped into act(...):

act(() => {
  /* fire events that update state */
});
/* assert on the output */

This ensures that you're testing the behavior the user would see in the browser. Learn more at https://react.dev/link/wrap-tests-with-act

 ❯ src/components/orchestrator/__tests__/OrchestratorOperatePanel.test.tsx (1 test | 1 failed) 103ms
     × renders the operate canvas and routes primary actions through callbacks 101ms
 ✓ src/components/orchestrator/__tests__/OrchestratorBoardQuickCreateSheet.test.tsx (1 test) 622ms
     ✓ renders the extracted board quick-create sheet and routes key interactions  619ms
 ✓ src/pages/__tests__/ApprovalWorkspace.test.tsx (1 test) 902ms
     ✓ hydrates the approval page, refreshes the packet, and sends back clarifications in place  898ms
 ✓ server/__tests__/codeDiff.test.ts (2 tests) 374ms
     ✓ builds a diff artifact for tracked and newly created files  323ms
 ✓ src/components/orchestrator/__tests__/OrchestratorQuickCreateSheet.test.tsx (2 tests) 521ms
     ✓ renders the list quick-create sheet and routes form interactions  503ms
 ❯ server/__tests__/workspaceEditingTools.test.ts (7 tests | 1 failed) 691ms
     ✓ replaces one exact block and reports touched paths 38ms
     ✓ fails block replacement when no match exists 36ms
     ✓ fails block replacement when the anchor is ambiguous 56ms
     ✓ applies a unified diff patch inside the approved workspace 176ms
     ✓ fails patch application when no touched files are inferred 53ms
     × fails patch application when a touched file escapes the approved root 79ms
     ✓ fails patch application cleanly when the hunk is stale 252ms
 ✓ src/components/orchestrator/__tests__/OrchestratorWorkbenchDetailHeader.test.tsx (1 test) 381ms
     ✓ renders selected work commands and routes actions through callbacks  378ms
 ✓ server/__tests__/parseJavaAst.test.ts (2 tests) 359ms
     ✓ extracts nested types, constructors, methods, properties, and import symbols  352ms
 ✓ src/components/orchestrator/__tests__/OrchestratorBoardSurface.test.tsx (1 test) 296ms
 ✓ src/components/orchestrator/__tests__/OrchestratorCopilotComposer.test.tsx (3 tests) 305ms
 ✓ src/components/orchestrator/__tests__/OrchestratorAttemptsPanel.test.tsx (1 test) 309ms
     ✓ renders run comparison and step progress context  307ms
 ✓ src/components/orchestrator/__tests__/OrchestratorBoardWorkbench.test.tsx (1 test) 445ms
     ✓ renders the extracted board shell and routes header controls  440ms
 ✓ src/components/orchestrator/__tests__/OrchestratorLifecycleRail.test.tsx (2 tests) 259ms
 ✓ src/components/orchestrator/__tests__/OrchestratorQuickActionDialogs.test.tsx (2 tests) 219ms
 ✓ src/components/orchestrator/__tests__/OrchestratorSelectedWorkPanel.test.tsx (2 tests) 223ms
 ✓ server/__tests__/workspaceReadSemanticHunk.test.ts (3 tests) 161ms
 ✓ server/__tests__/deploymentTargets.test.ts (5 tests) 303ms
 ✓ src/components/orchestrator/__tests__/OrchestratorListWorkbench.test.tsx (1 test) 347ms
     ✓ renders the extracted list shell and routes header actions  345ms
 ✓ src/components/orchestrator/__tests__/OrchestratorCapabilityCockpit.test.tsx (1 test) 227ms
 ✓ src/components/orchestrator/__tests__/OrchestratorWorkbenchDetailContent.test.tsx (1 test) 221ms
 ✓ src/components/orchestrator/__tests__/OrchestratorWorkbenchDetailTabs.test.tsx (1 test) 203ms
Could not parse CSS stylesheet
Could not parse CSS stylesheet
 ✓ src/components/orchestrator/__tests__/OrchestratorCopilotStatusStack.test.tsx (2 tests) 276ms
Could not parse CSS stylesheet
Could not parse CSS stylesheet
 ✓ server/__tests__/workspaceProfile.test.ts (6 tests) 20ms
 ✓ src/components/orchestrator/__tests__/OrchestratorDetailRail.test.tsx (1 test) 189ms
Could not parse CSS stylesheet
Could not parse CSS stylesheet
Could not parse CSS stylesheet
Could not parse CSS stylesheet
 ✓ src/components/orchestrator/__tests__/OrchestratorCopilotDock.test.tsx (1 test) 272ms
 ✓ src/components/__tests__/ToolInvocationPolicyBadge.test.tsx (4 tests) 233ms
 ✓ server/__tests__/parsePythonAst.test.ts (2 tests) 77ms
 ✓ src/components/swarm/__tests__/SwarmReviewCard.test.tsx (1 test) 175ms
 ✓ server/__tests__/agentLearningProfileVersions.test.ts (7 tests) 79ms
 ✓ src/components/__tests__/MarkdownContent.test.tsx (2 tests) 196ms
 ❯ src/components/orchestrator/__tests__/OrchestratorApprovalReviewModal.test.tsx (0 test)
 ❯ src/components/orchestrator/__tests__/OrchestratorArtifactsPanel.test.tsx (0 test)
 ✓ server/__tests__/governanceControls.test.ts (24 tests) 71ms
 ✓ server/__tests__/agentLearningRaceHardening.test.ts (10 tests) 48ms
 ✓ server/__tests__/governanceExceptions.test.ts (27 tests) 59ms
 ✓ server/__tests__/runtimeProviders.test.ts (2 tests) 14ms
stderr | server/__tests__/memoryRetrieval.test.ts > memory retrieval hardening > falls back to deterministic hash when the embedding provider is unavailable
[memory] Embedding provider fell back to deterministic hash embeddings.

stderr | server/__tests__/memoryRetrieval.test.ts > memory retrieval hardening > falls back to deterministic hash when the provider returns the wrong vector count
[memory] Embedding provider returned 0 vectors for 1 texts.

 ✓ server/__tests__/memoryRetrieval.test.ts (8 tests) 24ms
 ✓ src/components/orchestrator/__tests__/OrchestratorAttentionQueue.test.tsx (1 test) 249ms
 ✓ server/__tests__/contextBudget.test.ts (9 tests) 5ms
 ✓ server/__tests__/swarmChat.test.ts (2 tests) 40ms
 ✓ server/__tests__/codeIndexIngest.test.ts (5 tests) 52ms
 ✓ server/__tests__/runtimeCredentials.test.ts (5 tests) 25ms
 ✓ src/components/orchestrator/__tests__/OrchestratorSharedOverlays.test.tsx (1 test) 50ms
 ✓ src/lib/__tests__/workspaceFoundations.test.ts (5 tests) 11ms
 ✓ server/__tests__/runtimeProbe.test.ts (3 tests) 23ms
 ✓ src/components/orchestrator/__tests__/OrchestratorCopilotThread.test.tsx (2 tests) 103ms
 ✓ server/__tests__/agentLearningDriftDetector.test.ts (15 tests) 15ms
 ✓ server/__tests__/runtimeStatus.test.ts (1 test) 14ms
 ✓ src/components/orchestrator/__tests__/OrchestratorWorkbenchCanvas.test.tsx (2 tests) 52ms
 ✓ server/__tests__/chatWorkspace.test.ts (9 tests) 46ms
 ✓ server/__tests__/agentLearningQualityGate.test.ts (15 tests) 14ms
 ✓ server/__tests__/policySelector.test.ts (2 tests) 3ms
 ✓ src/components/orchestrator/__tests__/OrchestratorListWorkbenchOverlays.test.tsx (1 test) 35ms
 ✓ server/__tests__/attestationSigner.test.ts (7 tests) 14ms
 ✓ server/__tests__/codeIndexParsing.test.ts (3 tests) 32ms
 ✓ server/__tests__/chatEvidence.test.ts (3 tests) 26ms
 ✓ src/lib/__tests__/flightRecorderTimeline.test.ts (3 tests) 17ms
 ✓ server/__tests__/incidentAttribution.test.ts (1 test) 6ms
 ✓ server/__tests__/storyProposals.test.ts (5 tests) 13ms
 ✓ server/__tests__/originPolicy.test.ts (2 tests) 11ms
 ✓ server/__tests__/bountyTools.test.ts (3 tests) 7ms
 ✓ src/lib/__tests__/accessControl.test.ts (5 tests) 7ms
 ✓ server/__tests__/tokenOptimization.test.ts (5 tests) 14ms
 ✓ server/__tests__/incidentCorrelation.test.ts (4 tests) 10ms
 ✓ server/__tests__/runtimeProviderConfig.test.ts (1 test) 10ms
 ✓ src/lib/__tests__/workspaceBootstrap.test.ts (1 test) 19ms
 ✓ server/__tests__/resolveModelForProvider.test.ts (14 tests) 5ms
 ✓ server/__tests__/governanceProvenance.test.ts (20 tests) 14ms
 ✓ src/lib/__tests__/workflowRuntime.test.ts (5 tests) 6ms
 ✓ src/lib/__tests__/copilotTranscript.test.ts (4 tests) 7ms
 ✓ src/lib/__tests__/readinessContract.test.ts (3 tests) 6ms
 ✓ server/__tests__/toolExecutionErrors.test.ts (5 tests) 7ms
 ✓ src/lib/__tests__/interactionFeed.test.ts (2 tests) 12ms
 ✓ server/__tests__/memoryRefresh.test.ts (2 tests) 4ms
 ✓ server/__tests__/policyExceptionHook.test.ts (5 tests) 8ms
 ✓ server/__tests__/governanceCostAllocation.test.ts (1 test) 9ms
 ✓ server/__tests__/desktopWorkspaces.test.ts (2 tests) 7ms
 ✓ src/lib/__tests__/chatContent.test.ts (9 tests) 7ms
 ✓ server/__tests__/historyRollup.test.ts (7 tests) 4ms
 ✓ server/__tests__/codeIndexGraph.test.ts (1 test) 6ms
 ✓ server/__tests__/executionRuntimeSelection.test.ts (6 tests) 8ms
 ✓ server/__tests__/databaseProfiles.test.ts (4 tests) 10ms
 ✓ server/__tests__/incidentIngestion.test.ts (3 tests) 7ms
 ✓ src/lib/__tests__/workspaceOrganization.test.ts (2 tests) 4ms
 ✓ server/__tests__/workItemControl.test.ts (2 tests) 8ms
 ✓ server/__tests__/workItemExplain.test.ts (3 tests) 5ms
 ✓ server/__tests__/githubModelsWorkingDirectory.test.ts (3 tests) 6ms
 ✓ server/__tests__/executionWaitTransition.test.ts (2 tests) 3ms
 ✓ server/__tests__/incidentRepository.test.ts (3 tests) 6ms
 ✓ src/lib/__tests__/agentKnowledge.test.ts (2 tests) 10ms
 ✓ server/api/__tests__/errors.test.ts (7 tests) 5ms
 ✓ src/lib/__tests__/capabilityExperience.test.ts (7 tests) 8ms
 ✓ server/__tests__/connectors.test.ts (2 tests) 5ms
 ✓ server/__tests__/policyRemote.test.ts (1 test) 7ms
 ✓ server/__tests__/executionOwnership.test.ts (5 tests) 11ms
 ✓ server/__tests__/incidentExports.test.ts (4 tests) 7ms
 ✓ server/__tests__/workspacePaths.test.ts (3 tests) 3ms
 ✓ src/lib/__tests__/capabilityBriefing.test.ts (2 tests) 6ms
 ✓ src/lib/__tests__/enterpriseWorkflow.test.ts (4 tests) 9ms
 ✓ server/__tests__/astGrounding.test.ts (3 tests) 7ms
 ✓ server/__tests__/githubModelsPrompt.test.ts (1 test) 2ms
 ✓ server/__tests__/copilotSessions.test.ts (1 test) 5ms
 ✓ server/__tests__/agentLearningDistillation.test.ts (4 tests) 5ms
 ✓ server/__tests__/executionDecisionParsing.test.ts (13 tests) 5ms
 ✓ server/__tests__/swarmRepository.test.ts (2 tests) 7ms
 ✓ server/__tests__/incidentLearningLoop.test.ts (1 test) 2ms
 ✓ server/__tests__/requestActor.test.ts (4 tests) 4ms
 ✓ src/lib/__tests__/agentRuntime.test.ts (6 tests) 8ms
 ✓ server/__tests__/workItemCheckouts.test.ts (2 tests) 2ms
 ✓ server/__tests__/runtimeModelSelection.test.ts (2 tests) 2ms
 ✓ src/lib/__tests__/routeDescriptions.test.ts (8 tests) 3ms
 ✓ server/__tests__/agentLearningRanking.test.ts (1 test) 3ms
 ✓ src/lib/__tests__/markdown.test.ts (2 tests) 8ms
 ✓ server/__tests__/swarmParticipants.test.ts (2 tests) 11ms
 ✓ server/__tests__/executionRunClaim.test.ts (2 tests) 2ms
 ✓ server/__tests__/runtimePolicy.test.ts (4 tests) 3ms
 ✓ server/__tests__/workspaceAgents.test.ts (2 tests) 3ms
 ✓ server/__tests__/flightRecorder.test.ts (2 tests) 3ms
 ✓ src/lib/__tests__/capabilityArchitecture.test.ts (3 tests) 5ms
 ✓ server/__tests__/approvalWorkspace.test.ts (1 test) 4ms
 ✓ src/lib/__tests__/agentProfiles.test.ts (2 tests) 4ms
 ✓ src/lib/__tests__/orchestratorSupport.test.ts (3 tests) 2ms
 ✓ src/lib/__tests__/workItemStakeholders.test.ts (2 tests) 3ms
 ✓ src/lib/__tests__/viewPreferences.test.ts (2 tests) 2ms
 ✓ src/lib/__tests__/executionConfig.test.ts (2 tests) 2ms
 ✓ server/__tests__/approvalAssignments.test.ts (2 tests) 2ms

⎯⎯⎯⎯⎯⎯ Failed Suites 2 ⎯⎯⎯⎯⎯⎯⎯

 FAIL  src/components/orchestrator/__tests__/OrchestratorApprovalReviewModal.test.tsx [ src/components/orchestrator/__tests__/OrchestratorApprovalReviewModal.test.tsx ]
 FAIL  src/components/orchestrator/__tests__/OrchestratorArtifactsPanel.test.tsx [ src/components/orchestrator/__tests__/OrchestratorArtifactsPanel.test.tsx ]
TypeError: document.queryCommandSupported is not a function
 ❯ node_modules/monaco-editor/esm/vs/editor/contrib/clipboard/browser/clipboard.js:29:92
     27| // See https://developer.mozilla.org/en-US/docs/Web/API/Clipboard/read…
     28| // When loading over http, navigator.clipboard can be undefined. See h…
     29| const supportsPaste = (typeof navigator.clipboard === 'undefined' || i…
       |                                                                                            ^
     30| function registerCommand(command) {
     31|     command.register();
 ❯ node_modules/monaco-editor/esm/vs/language/css/monaco.contribution.js:8:1
 ❯ node_modules/monaco-editor/esm/vs/editor/editor.main.js:1:1

⎯⎯⎯⎯⎯⎯⎯⎯⎯⎯⎯⎯⎯⎯⎯⎯⎯⎯⎯⎯⎯⎯⎯⎯[1/5]⎯


⎯⎯⎯⎯⎯⎯⎯ Failed Tests 3 ⎯⎯⎯⎯⎯⎯⎯

 FAIL  server/__tests__/governancePosture.test.ts > getGovernancePostureSnapshot > happy path: every section populates with accurate ratios
AssertionError: expected { decisionId: 'DEC-1', …(7) } to match object { decisionId: 'DEC-1', …(2) }
(5 matching properties omitted from actual)

- Expected
+ Received

  {
-   "controlId": "GOV-CTRL-0002",
+   "controlId": null,
    "decision": "REQUIRE_APPROVAL",
    "decisionId": "DEC-1",
  }

 ❯ server/__tests__/governancePosture.test.ts:178:35
    176|
    177|     expect(snap.recentDenials).toHaveLength(1);
    178|     expect(snap.recentDenials[0]).toMatchObject({
       |                                   ^
    179|       decisionId: 'DEC-1',
    180|       decision: 'REQUIRE_APPROVAL',

⎯⎯⎯⎯⎯⎯⎯⎯⎯⎯⎯⎯⎯⎯⎯⎯⎯⎯⎯⎯⎯⎯⎯⎯[2/5]⎯

 FAIL  server/__tests__/workspaceEditingTools.test.ts > advanced workspace editing tools > fails patch application when a touched file escapes the approved root
AssertionError: expected [Function] to throw error including 'escapes the approved workspace root' but got 'Path ../outside.txt escapes the deskt…'

Expected: "escapes the approved workspace root"
Received: "Path ../outside.txt escapes the desktop workspace root."

 ❯ server/__tests__/workspaceEditingTools.test.ts:243:5
    241|         args: { patchText },
    242|       }),
    243|     ).rejects.toThrow('escapes the approved workspace root');
       |     ^
    244|   });
    245|

⎯⎯⎯⎯⎯⎯⎯⎯⎯⎯⎯⎯⎯⎯⎯⎯⎯⎯⎯⎯⎯⎯⎯⎯[3/5]⎯

 FAIL  src/components/orchestrator/__tests__/OrchestratorOperatePanel.test.tsx > OrchestratorOperatePanel > renders the operate canvas and routes primary actions through callbacks
TestingLibraryElementError: Unable to find an element with the text: Direct stage control. This could be because the text is broken up by multiple elements. In this case, you can provide a function for your text matcher to make your matcher more flexible.

Ignored nodes: comments, script, style
[36m<body>[39m
  [36m<div>[39m
    [36m<div[39m
      [33mclass[39m=[32m"space-y-4"[39m
    [36m>[39m
      [36m<div[39m
        [33mclass[39m=[32m"grid gap-3 lg:grid-cols-3"[39m
      [36m>[39m
        [36m<div[39m
          [33mclass[39m=[32m"workspace-meta-card"[39m
        [36m>[39m
          [36m<p[39m
            [33mclass[39m=[32m"workspace-meta-label"[39m
          [36m>[39m
            [0mWhat is happening[0m
          [36m</p>[39m
          [36m<p[39m
            [33mclass[39m=[32m"mt-2 text-sm leading-relaxed text-on-surface"[39m
          [36m>[39m
            [0mBuilder is preparing the implementation plan.[0m
          [36m</p>[39m
        [36m</div>[39m
        [36m<div[39m
          [33mclass[39m=[32m"workspace-meta-card"[39m
        [36m>[39m
          [36m<p[39m
            [33mclass[39m=[32m"workspace-meta-label"[39m
          [36m>[39m
            [0mWhat is blocked[0m
          [36m</p>[39m
          [36m<p[39m
            [33mclass[39m=[32m"mt-2 text-sm leading-relaxed text-on-surface"[39m
          [36m>[39m
            [0mNo blockers recorded.[0m
          [36m</p>[39m
        [36m</div>[39m
        [36m<div[39m
          [33mclass[39m=[32m"workspace-meta-card"[39m
        [36m>[39m
          [36m<p[39m
            [33mclass[39m=[32m"workspace-meta-label"[39m
          [36m>[39m
            [0mWhat is next[0m
          [36m</p>[39m
          [36m<p[39m
            [33mclass[39m=[32m"mt-2 text-sm leading-relaxed text-on-surface"[39m
          [36m>[39m
            [0mStart implementation.[0m
          [36m</p>[39m
        [36m</div>[39m
      [36m</div>[39m
      [36m<div[39m
        [33mclass[39m=[32m"flex flex-wrap items-center gap-x-4 gap-y-2 rounded-2xl border border-outline-variant/30 bg-surface-container-lowest px-4 py-3"[39m
      [36m>[39m
        [36m<div[39m
          [33mclass[39m=[32m"flex min-w-0 flex-1 flex-col"[39m
        [36m>[39m
          [36m<p[39m
            [33mclass[39m=[32m"text-[0.6875rem] font-bold uppercase tracking-[0.16em] text-secondary"[39m
          [36m>[39m
            [0mStage[0m
          [36m</p>[39m
          [36m<p[39m
            [33mclass[39m=[32m"mt-0.5 text-sm font-semibold text-on-surface"[39m
          [36m>[39m
            [0mAwaiting orchestration[0m
          [36m</p>[39m
        [36m</div>[39m
        [36m<div[39m
          [33mclass[39m=[32m"flex shrink-0 flex-wrap items-center gap-2"[39m
        [36m>[39m
          [36m<button[39m
            [33mclass[39m=[32m"enterprise-button enterprise-button-secondary disabled:cursor-not-allowed disabled:opacity-40"[39m
            [33mdisabled[39m=[32m""[39m
            [33mtype[39m=[32m"button"[39m
          [36m>[39m
            [36m<svg[39m
              [33maria-hidden[39m=[32m"true"[39m
              [33mclass[39m=[32m"lucide lucide-lock"[39m
              [33mfill[39m=[32m"none"[39m
              [33mheight[39m=[32m"14"[39m
              [33mstroke[39m=[32m"currentColor"[39m
              [33mstroke-linecap[39m=[32m"round"[39m
              [33mstroke-linejoin[39m=[32m"round"[39m
              [33mstroke-width[39m=[32m"2"[39m
              [33mviewBox[39m=[32m"0 0 24 24"[39m
              [33mwidth[39m=[32m"14"[39m
              [33mxmlns[39m=[32m"http://www.w3.org/2000/svg"[39m
            [36m>[39m
              [36m<rect[39m
                [33mheight[39m=[32m"11"[39m
                [33mrx[39m=[32m"2"[39m
                [33mry[39m=[32m"2"[39m
                [33mwidth[39m=[32m"18"[39m
                [33mx[39m=[32m"3"[39m
                [33my[39m=[32m"11"[39m
              [36m/>[39m
              [36m<path[39m
                [33md[39m=[32m"M7 11V7a5 5 0 0 1 10 0v4"[39m
              [36m/>[39m
            [36m</svg>[39m
            [0mClaim lock[0m
          [36m</button>[39m
          [36m<button[39m
            [33mclass[39m=[32m"enterprise-button enterprise-button-secondary disabled:cursor-not-allowed disabled:opacity-40"[39m
            [33mdisabled[39m=[32m""[39m
            [33mtype[39m=[32m"button"[39m
          [36m>[39m
            [36m<svg[39m
              [33maria-hidden[39m=[32m"true"[39m
              [33mclass[39m=[32m"lucide lucide-message-square"[39m
              [33mfill[39m=[32m"none"[39m
              [33mheight[39m=[32m"14"[39m
              [33mstroke[39m=[32m"currentColor"[39m
              [33mstroke-linecap[39m=[32m"round"[39m
              [33mstroke-linejoin[39m=[32m"round"[39m
              [33mstroke-width[39m=[32m"2"[39m
              [33mviewBox[39m=[32m"0 0 24 24"[39m
              [33mwidth[39m=[32m"14"[39m
              [33mxmlns[39m=[32m"http://www.w3.org/2000/svg"[39m
            [36m>[39m
              [36m<path[39m
                [33md[39m=[32m"M22 17a2 2 0 0 1-2 2H6.828a2 2 0 0 0-1.414.586l-2.202 2.202A.71.71 0 0 1 2 21.286V5a2 2 0 0 1 2-2h16a2 2 0 0 1 2 2z"[39m
              [36m/>[39m
            [36m</svg>[39m
            [0mChat[0m
          [36m</button>[39m
          [36m<button[39m
            [33mclass[39m=[32m"enterprise-button enterprise-button-brand-muted disabled:cursor-not-allowed disabled:opacity-40"[39m
            [33mtype[39m=[32m"button"[39m
          [36m>[39m
            [36m<svg[39m
              [33maria-hidden[39m=[32m"true"[39m
              [33mclass[39m=[32m"lucide lucide-message-square-text"[39m
              [33mfill[39m=[32m"none"[39m
              [33mheight[39m=[32m"14"[39m
              [33mstroke[39m=[32m"currentColor"[39m
              [33mstroke-linecap[39m=[32m"round"[39m
              [33mstroke-linejoin[39m=[32m"round"[39m
              [33mstroke-width[39m=[32m"2"[39m
              [33mviewBox[39m=[32m"0 0 24 24"[39m
              [33mwidth[39m=[32m"14"[39m
              [33mxmlns[39m=[32m"http://www.w3.org/2000/svg"[39m
            [36m>[39m
              [36m<path[39m
                [33md[39m=[32m"M22 17a2 2 0 0 1-2 2H6.828a2 2 0 0 0-1.414.586l-2.202 2.202A.71.71 0 0 1 2 21.286V5a2 2 0 0 1 2-2h16a2 2 0 0 1 2 2z"[39m
              [36m/>[39m
              [36m<path[39m
                [33md[39m=[32m"M7 11h10"[39m
              [36m/>[39m
              [36m<path[39m
                [33md[39m=[32m"M7 15h6"[39m
              [36m/>[39m
              [36m<path[39m
                [33md[39m=[32m"M7 7h8"[39m
              [36m/>[39m
            [36m</svg>[39m
            [0mTake control[0m
          [36m</button>[39m
        [36m</div>[39m
      [36m</div>[39m
      [36m<div[39m
        [33mclass[39m=[32m"workspace-meta-card orchestrator-stage-chat-card"[39m
      [36m>[39m
        [36m<div[39m
          ...
 ❯ Object.getElementError node_modules/@testing-library/dom/dist/config.js:37:19
 ❯ node_modules/@testing-library/dom/dist/query-helpers.js:76:38
 ❯ node_modules/@testing-library/dom/dist/query-helpers.js:52:17
 ❯ node_modules/@testing-library/dom/dist/query-helpers.js:95:19
 ❯ src/components/orchestrator/__tests__/OrchestratorOperatePanel.test.tsx:167:19
    165|
    166|     expect(screen.getByText('Readiness contract')).toBeInTheDocument();
    167|     expect(screen.getByText('Direct stage control')).toBeInTheDocument…
       |                   ^
    168|
    169|     await user.click(screen.getByRole('button', { name: 'Open tasks' }…

⎯⎯⎯⎯⎯⎯⎯⎯⎯⎯⎯⎯⎯⎯⎯⎯⎯⎯⎯⎯⎯⎯⎯⎯[4/5]⎯


 Test Files  5 failed | 124 passed (129)
      Tests  3 failed | 499 passed (502)
   Start at  16:48:45
   Duration  13.37s (transform 15.19s, setup 9.00s, import 24.50s, tests 13.45s, environment 39.61s)

